  ظû▓ Next.js 14.2.5
  - Environments: .env.local

   Creating an optimized production build ...
[baseline-browser-mapping] The data in this module is over two months old.  To ensure accurate Baseline data, please update: `npm i baseline-browser-mapping@latest -D`
 ظ£ô Compiled successfully
   Linting and checking validity of types ...
   Collecting page data ...
   Generating static pages (0/6) ...
   Generating static pages (1/6) 
   Generating static pages (2/6) 
 ظأب metadataBase property in metadata export is not set for resolving social open graph or twitter images, using "http://localhost:3000". See https://nextjs.org/docs/app/api-reference/functions/generate-metadata#metadatabase
 ظأب metadataBase property in metadata export is not set for resolving social open graph or twitter images, using "http://localhost:3000". See https://nextjs.org/docs/app/api-reference/functions/generate-metadata#metadatabase
   Generating static pages (4/6) 
 ظ£ô Generating static pages (6/6)
   Finalizing page optimization ...
   Collecting build traces ...

Route (app)                              Size     First Load JS
ظ¤î ظùï /                                    10.3 kB        97.3 kB
ظ¤£ ظùï /_not-found                          871 B          87.9 kB
ظ¤¤ ╞ْ /api/contact                         0 B                0 B
+ First Load JS shared by all            87 kB
  ظ¤£ chunks/23-0c40d6df9b62e9bb.js        31.5 kB
  ظ¤£ chunks/fd9d1056-62aaf4b921c84028.js  53.6 kB
  ظ¤¤ other shared chunks (total)          1.86 kB


ظùï  (Static)   prerendered as static content
╞ْ  (Dynamic)  server-rendered on demand

